// Jest Snapshot v1, https://goo.gl/fbAQLP

exports[`<TextProvider /> rendering should render correctly 1`] = `
<span
  dangerouslySetInnerHTML={
    Object {
      "__html": "Random Value",
    }
  }
  style={
    Object {
      "fontSize": "inherit",
    }
  }
/>
`;
